==============================================================================
 EGY-Skills CSS Overhaul — diagnostic report
 Generated: 2026-09-22T23:44:14.331Z
 Root: C:\Users\Shendyy\yassin | Node: v22.23.2 | PM: npm
 Files written: 34
 Backup: C:\Users\Shendyy\yassin\.backup-20260923-024352
==============================================================================

--- STAGES ---
[PASS] write-files  (0.00s)
[SKIPPED(node_modules present)] install  (0.00s)
[PASS] lint  (5.54s)
[PASS] build  (12.09s)
[PASS] preview-smoke  (1.58s)
[PASS] route-smoke  (1.58s)
[PASS] bundle-size  (0.00s)

==============================================================================
STAGE: write-files | CMD: writeFileSync x 34 | CODE: 0
--- stdout ---
34/34 (61.1 KB)
--- stderr ---
(empty)

==============================================================================
STAGE: lint | CMD: npm run lint --silent | CODE: 0
--- stdout ---

C:\Users\Shendyy\yassin\src\features\dashboard\pages\DashboardPage.jsx
   4:68  warning  'Award' is defined but never used. Allowed unused vars must match /^_/u       no-unused-vars
   6:10  warning  'PageHeader' is defined but never used. Allowed unused vars must match /^_/u  no-unused-vars
   7:16  warning  'CardHeader' is defined but never used. Allowed unused vars must match /^_/u  no-unused-vars
  11:10  warning  'EmptyState' is defined but never used. Allowed unused vars must match /^_/u  no-unused-vars

✖ 4 problems (0 errors, 4 warnings)


--- stderr ---
(empty)

==============================================================================
STAGE: build | CMD: npm run build --silent | CODE: 0
--- stdout ---
vite v5.4.21 building for production...
transforming...
✓ 1655 modules transformed.
rendering chunks...
computing gzip size...
dist/index.html                             1.65 kB │ gzip:  0.86 kB
dist/assets/index-pULuRPFG.css              7.21 kB │ gzip:  2.48 kB
dist/assets/Badge-BpeX1tm7.js               0.26 kB │ gzip:  0.22 kB
dist/assets/Skeleton-Be09C2Lw.js            0.28 kB │ gzip:  0.24 kB
dist/assets/Card-CV0l9XkD.js                0.64 kB │ gzip:  0.33 kB
dist/assets/Input-DqHrIywe.js               0.89 kB │ gzip:  0.45 kB
dist/assets/NotFoundPage-DbSpKoJG.js        1.01 kB │ gzip:  0.58 kB
dist/assets/PageHeader-DTugYCgS.js          1.24 kB │ gzip:  0.51 kB
dist/assets/LoginPage-DfDTe9oH.js           1.64 kB │ gzip:  0.97 kB
dist/assets/RegisterPage-CObdbt3D.js        2.25 kB │ gzip:  1.18 kB
dist/assets/ProfilePage-DtdBHYuf.js         2.30 kB │ gzip:  1.15 kB
dist/assets/api-CqruzI8F.js                 2.55 kB │ gzip:  1.41 kB
dist/assets/SettingsPage-BJtEEEfn.js        2.93 kB │ gzip:  1.35 kB
dist/assets/CourseDetailPage-Bv2tWtd1.js    3.42 kB │ gzip:  1.41 kB
dist/assets/CoursesListPage-BrIxXVSd.js     4.98 kB │ gzip:  2.14 kB
dist/assets/DashboardPage-CLU-NIIN.js       6.73 kB │ gzip:  2.38 kB
dist/assets/vendor-icons-BwhcgBXk.js       14.31 kB │ gzip:  3.27 kB
dist/assets/vendor-router-CN8LFSNM.js      16.55 kB │ gzip:  5.80 kB
dist/assets/index-BAnOmkLx.js              20.98 kB │ gzip:  7.77 kB
dist/assets/vendor-i3H_tvE_.js             47.95 kB │ gzip: 16.84 kB
dist/assets/vendor-react-BJ7G1ABj.js      142.24 kB │ gzip: 45.61 kB
✓ built in 10.24s

--- stderr ---
(empty)

==============================================================================
STAGE: preview-smoke | CMD: GET http://127.0.0.1:4175/ | CODE: 0
--- stdout ---
  ➜  Local:   http://localhost:4175/
  ➜  Network: http://192.168.1.9:4175/

--- stderr ---
(empty)

==============================================================================
STAGE: route-smoke | CMD: GET x 6 routes | CODE: 0
--- stdout ---
200 /
200 /courses
200 /profile
200 /settings
200 /login
200 /register
--- stderr ---
(empty)

==============================================================================
STAGE: bundle-size | CMD: statSync dist/ | CODE: 0
--- stdout ---
Total: 279.0 KB
--- stderr ---
(empty)

==============================================================================
===== PASTE THIS BACK TO AI =====
✅ No errors detected. Build passed. All tests passed.
===== END =====